   text	   data	    bss	    dec	    hex	filename
    108	     64	      0	    172	     ac	bin/am_resources.o
   2295	     40	      0	   2335	    91f	bin/mspi_ddr_octal_psram_example.o
     72	      0	      0	     72	     48	bin/am_util_delay.o
   1502	      0	      0	   1502	    5de	bin/am_util_faultisr.o
   3899	      0	   1025	   4924	   133c	bin/am_util_stdio.o
   4915	    184	     12	   5111	   13f7	bin/am_devices_mspi_psram_aps12808l.o
    628	   4096	      0	   4724	   1274	bin/startup_gcc.o
   5580	    144	   2053	   7777	   1e61	am_bsp.o (ex ../../../../bsp/gcc/bin/libam_bsp.a)
      0	    688	     72	    760	    2f8	am_bsp_pins.o (ex ../../../../bsp/gcc/bin/libam_bsp.a)
     40	      0	      0	     40	     28	am_hal_bootrom_helper.o (ex ../../../../../../mcu/apollo4b/hal/mcu/gcc/bin/libam_hal.a)
   1190	      0	     12	   1202	    4b2	am_hal_cachectrl.o (ex ../../../../../../mcu/apollo4b/hal/mcu/gcc/bin/libam_hal.a)
   5132	      0	      0	   5132	   140c	am_hal_card.o (ex ../../../../../../mcu/apollo4b/hal/mcu/gcc/bin/libam_hal.a)
    256	    148	      0	    404	    194	am_hal_card_host.o (ex ../../../../../../mcu/apollo4b/hal/mcu/gcc/bin/libam_hal.a)
    628	      0	      0	    628	    274	am_hal_clkgen.o (ex ../../../../../../mcu/apollo4b/hal/mcu/gcc/bin/libam_hal.a)
   1940	      0	    484	   2424	    978	am_hal_cmdq.o (ex ../../../../../../mcu/apollo4b/hal/mcu/gcc/bin/libam_hal.a)
   1708	      0	      0	   1708	    6ac	am_hal_dsi.o (ex ../../../../../../mcu/apollo4b/hal/mcu/gcc/bin/libam_hal.a)
    108	      0	      0	    108	     6c	am_hal_fault.o (ex ../../../../../../mcu/apollo4b/hal/mcu/gcc/bin/libam_hal.a)
     24	      0	      0	     24	     18	am_hal_interrupt.o (ex ../../../../../../mcu/apollo4b/hal/mcu/gcc/bin/libam_hal.a)
   8920	      0	      0	   8920	   22d8	am_hal_iom.o (ex ../../../../../../mcu/apollo4b/hal/mcu/gcc/bin/libam_hal.a)
   2276	      0	      0	   2276	    8e4	am_hal_ios.o (ex ../../../../../../mcu/apollo4b/hal/mcu/gcc/bin/libam_hal.a)
    500	      0	      0	    500	    1f4	am_hal_itm.o (ex ../../../../../../mcu/apollo4b/hal/mcu/gcc/bin/libam_hal.a)
    872	      0	      0	    872	    368	am_hal_mcuctrl.o (ex ../../../../../../mcu/apollo4b/hal/mcu/gcc/bin/libam_hal.a)
    188	      0	      0	    188	     bc	am_hal_mpu.o (ex ../../../../../../mcu/apollo4b/hal/mcu/gcc/bin/libam_hal.a)
    372	    384	      0	    756	    2f4	am_hal_mram.o (ex ../../../../../../mcu/apollo4b/hal/mcu/gcc/bin/libam_hal.a)
   7744	      0	      0	   7744	   1e40	am_hal_mspi.o (ex ../../../../../../mcu/apollo4b/hal/mcu/gcc/bin/libam_hal.a)
    388	      0	      4	    392	    188	am_hal_reset.o (ex ../../../../../../mcu/apollo4b/hal/mcu/gcc/bin/libam_hal.a)
   1216	      0	      0	   1216	    4c0	am_hal_rtc.o (ex ../../../../../../mcu/apollo4b/hal/mcu/gcc/bin/libam_hal.a)
   3568	      0	    212	   3780	    ec4	am_hal_sdhc.o (ex ../../../../../../mcu/apollo4b/hal/mcu/gcc/bin/libam_hal.a)
    308	      0	     12	    320	    140	am_hal_secure_ota.o (ex ../../../../../../mcu/apollo4b/hal/mcu/gcc/bin/libam_hal.a)
    676	      0	      0	    676	    2a4	am_hal_sysctrl.o (ex ../../../../../../mcu/apollo4b/hal/mcu/gcc/bin/libam_hal.a)
    168	      0	      0	    168	     a8	am_hal_systick.o (ex ../../../../../../mcu/apollo4b/hal/mcu/gcc/bin/libam_hal.a)
    100	      0	      0	    100	     64	am_hal_tpiu.o (ex ../../../../../../mcu/apollo4b/hal/mcu/gcc/bin/libam_hal.a)
   2664	      0	      0	   2664	    a68	am_hal_uart.o (ex ../../../../../../mcu/apollo4b/hal/mcu/gcc/bin/libam_hal.a)
    288	      0	      0	    288	    120	am_hal_utils.o (ex ../../../../../../mcu/apollo4b/hal/mcu/gcc/bin/libam_hal.a)
    200	      0	      0	    200	     c8	am_hal_access.o (ex ../../../../../../mcu/apollo4b/hal/mcu/gcc/bin/libam_hal.a)
   2716	      0	     29	   2745	    ab9	am_hal_adc.o (ex ../../../../../../mcu/apollo4b/hal/mcu/gcc/bin/libam_hal.a)
   3420	      0	     16	   3436	    d6c	am_hal_audadc.o (ex ../../../../../../mcu/apollo4b/hal/mcu/gcc/bin/libam_hal.a)
    736	     32	      4	    772	    304	am_hal_dcu.o (ex ../../../../../../mcu/apollo4b/hal/mcu/gcc/bin/libam_hal.a)
    101	      0	      4	    105	     69	am_hal_global.o (ex ../../../../../../mcu/apollo4b/hal/mcu/gcc/bin/libam_hal.a)
   1856	      0	   2048	   3904	    f40	am_hal_gpio.o (ex ../../../../../../mcu/apollo4b/hal/mcu/gcc/bin/libam_hal.a)
   2264	      0	      0	   2264	    8d8	am_hal_i2s.o (ex ../../../../../../mcu/apollo4b/hal/mcu/gcc/bin/libam_hal.a)
    224	     30	      0	    254	     fe	am_hal_otp.o (ex ../../../../../../mcu/apollo4b/hal/mcu/gcc/bin/libam_hal.a)
   1528	      0	      0	   1528	    5f8	am_hal_pdm.o (ex ../../../../../../mcu/apollo4b/hal/mcu/gcc/bin/libam_hal.a)
   4096	      0	      0	   4096	   1000	am_hal_pin.o (ex ../../../../../../mcu/apollo4b/hal/mcu/gcc/bin/libam_hal.a)
   5819	     65	     86	   5970	   1752	am_hal_pwrctrl.o (ex ../../../../../../mcu/apollo4b/hal/mcu/gcc/bin/libam_hal.a)
    248	      0	      0	    248	     f8	am_hal_queue.o (ex ../../../../../../mcu/apollo4b/hal/mcu/gcc/bin/libam_hal.a)
    380	      0	      0	    380	    17c	am_hal_security.o (ex ../../../../../../mcu/apollo4b/hal/mcu/gcc/bin/libam_hal.a)
    740	      0	      1	    741	    2e5	am_hal_stimer.o (ex ../../../../../../mcu/apollo4b/hal/mcu/gcc/bin/libam_hal.a)
   3860	      0	     64	   3924	    f54	am_hal_timer.o (ex ../../../../../../mcu/apollo4b/hal/mcu/gcc/bin/libam_hal.a)
   6273	      0	    264	   6537	   1989	am_hal_usb.o (ex ../../../../../../mcu/apollo4b/hal/mcu/gcc/bin/libam_hal.a)
    808	      0	      0	    808	    328	am_hal_wdt.o (ex ../../../../../../mcu/apollo4b/hal/mcu/gcc/bin/libam_hal.a)
  32844	    860	  34064	  67768	  108b8	bin/mspi_ddr_octal_psram_example.axf
