   text	   data	    bss	    dec	    hex	filename
   1804	      4	     21	   1829	    725	bin/port.o
   1072	      0	      0	   1072	    430	bin/loops-all-mid-10k-sp.o
   2857	      0	      0	   2857	    b29	bin/md5.o
   4845	      8	      0	   4853	   12f5	bin/mith_lib.o
   1882	      4	      4	   1890	    762	bin/mith_workload.o
   3176	    576	      0	   3752	    ea8	bin/th_bignum.o
    906	      4	      0	    910	    38e	bin/th_encode.o
   3410	     12	     13	   3435	    d6b	bin/th_getopt.o
  23971	     32	      4	  24007	   5dc7	bin/th_lib.o
     56	      0	      0	     56	     38	bin/th_math.o
   5883	      0	      0	   5883	   16fb	bin/th_rand.o
    556	      0	      0	    556	    22c	bin/FreeRTOS_POSIX_clock.o
   2264	      0	     84	   2348	    92c	bin/FreeRTOS_POSIX_mqueue.o
   1148	      0	      0	   1148	    47c	bin/FreeRTOS_POSIX_pthread.o
    340	      0	      0	    340	    154	bin/FreeRTOS_POSIX_pthread_barrier.o
    876	      0	      0	    876	    36c	bin/FreeRTOS_POSIX_pthread_cond.o
    780	      0	      0	    780	    30c	bin/FreeRTOS_POSIX_pthread_mutex.o
     52	      0	      0	     52	     34	bin/FreeRTOS_POSIX_sched.o
    592	      0	      0	    592	    250	bin/FreeRTOS_POSIX_semaphore.o
    990	      0	      0	    990	    3de	bin/FreeRTOS_POSIX_timer.o
    132	      0	      0	    132	     84	bin/FreeRTOS_POSIX_unistd.o
   1452	      0	      0	   1452	    5ac	bin/FreeRTOS_POSIX_utils.o
    560	      0	     20	    580	    244	bin/nema_dc_hal.o
   1051	     24	     34	   1109	    455	bin/nema_event.o
    876	 983044	     32	 983952	  f0390	bin/nema_hal.o
    897	      8	     53	    958	    3be	bin/nema_utils.o
   2421	  32768	     12	  35201	   8981	bin/adc_task.o
    108	     64	      0	    172	     ac	bin/am_resources.o
     58	      0	      0	     58	     3a	bin/apollo4_board.o
     88	      0	      0	     88	     58	bin/crypto_task.o
   1614	     64	      0	   1678	    68e	bin/display_task.o
   1099	      0	      6	   1105	    451	bin/emmc_task.o
    928	      0	      0	    928	    3a0	bin/graphics_power_control.o
 450701	    324	     20	 451045	  6e1e5	bin/gui_task.o
    976	      0	     24	   1000	    3e8	bin/heap_4_external.o
    553	      0	      0	    553	    229	bin/hp_lp_task.o
   1643	     40	     32	   1715	    6b3	bin/iom_psram_task.o
    497	   8192	      0	   8689	   21f1	bin/msc_disk.o
    641	  14356	   4096	  19093	   4a95	bin/mspi_task.o
    499	    420	  10240	  11159	   2b97	bin/nemagfx_enhanced_stress_test.o
   4915	    184	     12	   5111	   13f7	bin/psram.o
   1126	      0	     40	   1166	    48e	bin/render_task.o
    898	      0	   2232	   3130	    c3a	bin/rtos.o
    865	      0	      1	    866	    362	bin/tinyusb_cdc_msc_freertos.o
    528	     24	     64	    616	    268	bin/usb_descriptors.o
    309	      0	      0	    309	    135	bin/xip_task.o
    544	      4	      4	    552	    228	bin/crc_task.o
   2679	      0	      2	   2681	    a79	bin/crypto_operations.o
     92	      0	      1	     93	     5d	bin/tusb.o
    416	      0	      0	    416	    1a0	bin/al_file.o
      0	      0	      0	      0	      0	bin/al_single.o
    515	      8	      0	    523	    20b	bin/al_smp.o
   1566	      0	    512	   2078	    81e	bin/th_al.o
   6752	      4	     72	   6828	   1aac	bin/usbd.o
    880	      0	     20	    900	    384	bin/usbd_control.o
   1260	      0	      4	   1264	    4f0	bin/dcd_apollo4.o
   3000	      0	      0	   3000	    bb8	bin/tusb_fifo.o
  21140	    220	      0	  21360	   5370	bin/loops.o
   2868	      0	      0	   2868	    b34	bin/am_devices_dsi_rm67162.o
   7690	    240	     25	   7955	   1f13	bin/am_devices_mspi_atxp032.o
   1840	      0	      0	   1840	    730	bin/am_devices_nemadc_rm67162.o
   3856	     20	    168	   4044	    fcc	bin/am_devices_spipsram.o
   2884	      0	   2120	   5004	   138c	bin/cdc_device.o
   1300	      0	      0	   1300	    514	bin/event_groups.o
    316	      0	      0	    316	    13c	bin/list.o
   4456	      0	      0	   4456	   1168	bin/queue.o
   7357	      0	    484	   7841	   1ea1	bin/tasks.o
   1988	      0	    212	   2200	    898	bin/timers.o
     72	      0	      0	     72	     48	bin/am_util_delay.o
   1502	      0	      0	   1502	    5de	bin/am_util_faultisr.o
    298	      0	      0	    298	    12a	bin/am_util_id.o
   3899	      0	   1025	   4924	   133c	bin/am_util_stdio.o
     92	    312	      0	    404	    194	bin/100.o
     96	    312	      0	    408	    198	bin/100k.o
     92	    312	      0	    404	    194	bin/100kdot.o
     96	    312	      0	    408	    198	bin/10k.o
     92	    312	      0	    404	    194	bin/10kdot.o
     92	    312	      0	    404	    194	bin/1k.o
     92	    312	      0	    404	    194	bin/1kdot.o
     92	    312	      0	    404	    194	bin/32.o
    868	      0	  65560	  66428	  1037c	bin/heap_4.o
   3672	      0	    576	   4248	   1098	bin/msc_device.o
    628	  11008	      0	  11636	   2d74	bin/startup_gcc.o
   5580	    144	   2053	   7777	   1e61	am_bsp.o (ex ../../../../bsp/gcc/bin/libam_bsp.a)
      0	    688	     72	    760	    2f8	am_bsp_pins.o (ex ../../../../bsp/gcc/bin/libam_bsp.a)
     40	      0	      0	     40	     28	am_hal_bootrom_helper.o (ex ../../../../../../mcu/apollo4b/hal/mcu/gcc/bin/libam_hal.a)
   1190	      0	     12	   1202	    4b2	am_hal_cachectrl.o (ex ../../../../../../mcu/apollo4b/hal/mcu/gcc/bin/libam_hal.a)
   5132	      0	      0	   5132	   140c	am_hal_card.o (ex ../../../../../../mcu/apollo4b/hal/mcu/gcc/bin/libam_hal.a)
    256	    148	      0	    404	    194	am_hal_card_host.o (ex ../../../../../../mcu/apollo4b/hal/mcu/gcc/bin/libam_hal.a)
    628	      0	      0	    628	    274	am_hal_clkgen.o (ex ../../../../../../mcu/apollo4b/hal/mcu/gcc/bin/libam_hal.a)
   1940	      0	    484	   2424	    978	am_hal_cmdq.o (ex ../../../../../../mcu/apollo4b/hal/mcu/gcc/bin/libam_hal.a)
   1708	      0	      0	   1708	    6ac	am_hal_dsi.o (ex ../../../../../../mcu/apollo4b/hal/mcu/gcc/bin/libam_hal.a)
    108	      0	      0	    108	     6c	am_hal_fault.o (ex ../../../../../../mcu/apollo4b/hal/mcu/gcc/bin/libam_hal.a)
     24	      0	      0	     24	     18	am_hal_interrupt.o (ex ../../../../../../mcu/apollo4b/hal/mcu/gcc/bin/libam_hal.a)
   8920	      0	      0	   8920	   22d8	am_hal_iom.o (ex ../../../../../../mcu/apollo4b/hal/mcu/gcc/bin/libam_hal.a)
   2276	      0	      0	   2276	    8e4	am_hal_ios.o (ex ../../../../../../mcu/apollo4b/hal/mcu/gcc/bin/libam_hal.a)
    500	      0	      0	    500	    1f4	am_hal_itm.o (ex ../../../../../../mcu/apollo4b/hal/mcu/gcc/bin/libam_hal.a)
    872	      0	      0	    872	    368	am_hal_mcuctrl.o (ex ../../../../../../mcu/apollo4b/hal/mcu/gcc/bin/libam_hal.a)
    188	      0	      0	    188	     bc	am_hal_mpu.o (ex ../../../../../../mcu/apollo4b/hal/mcu/gcc/bin/libam_hal.a)
    372	    384	      0	    756	    2f4	am_hal_mram.o (ex ../../../../../../mcu/apollo4b/hal/mcu/gcc/bin/libam_hal.a)
   7744	      0	      0	   7744	   1e40	am_hal_mspi.o (ex ../../../../../../mcu/apollo4b/hal/mcu/gcc/bin/libam_hal.a)
    388	      0	      4	    392	    188	am_hal_reset.o (ex ../../../../../../mcu/apollo4b/hal/mcu/gcc/bin/libam_hal.a)
   1216	      0	      0	   1216	    4c0	am_hal_rtc.o (ex ../../../../../../mcu/apollo4b/hal/mcu/gcc/bin/libam_hal.a)
   3568	      0	    212	   3780	    ec4	am_hal_sdhc.o (ex ../../../../../../mcu/apollo4b/hal/mcu/gcc/bin/libam_hal.a)
    308	      0	     12	    320	    140	am_hal_secure_ota.o (ex ../../../../../../mcu/apollo4b/hal/mcu/gcc/bin/libam_hal.a)
    676	      0	      0	    676	    2a4	am_hal_sysctrl.o (ex ../../../../../../mcu/apollo4b/hal/mcu/gcc/bin/libam_hal.a)
    168	      0	      0	    168	     a8	am_hal_systick.o (ex ../../../../../../mcu/apollo4b/hal/mcu/gcc/bin/libam_hal.a)
    100	      0	      0	    100	     64	am_hal_tpiu.o (ex ../../../../../../mcu/apollo4b/hal/mcu/gcc/bin/libam_hal.a)
   2664	      0	      0	   2664	    a68	am_hal_uart.o (ex ../../../../../../mcu/apollo4b/hal/mcu/gcc/bin/libam_hal.a)
    288	      0	      0	    288	    120	am_hal_utils.o (ex ../../../../../../mcu/apollo4b/hal/mcu/gcc/bin/libam_hal.a)
    200	      0	      0	    200	     c8	am_hal_access.o (ex ../../../../../../mcu/apollo4b/hal/mcu/gcc/bin/libam_hal.a)
   2716	      0	     29	   2745	    ab9	am_hal_adc.o (ex ../../../../../../mcu/apollo4b/hal/mcu/gcc/bin/libam_hal.a)
   3420	      0	     16	   3436	    d6c	am_hal_audadc.o (ex ../../../../../../mcu/apollo4b/hal/mcu/gcc/bin/libam_hal.a)
    736	     32	      4	    772	    304	am_hal_dcu.o (ex ../../../../../../mcu/apollo4b/hal/mcu/gcc/bin/libam_hal.a)
    101	      0	      4	    105	     69	am_hal_global.o (ex ../../../../../../mcu/apollo4b/hal/mcu/gcc/bin/libam_hal.a)
   1856	      0	   2048	   3904	    f40	am_hal_gpio.o (ex ../../../../../../mcu/apollo4b/hal/mcu/gcc/bin/libam_hal.a)
   2264	      0	      0	   2264	    8d8	am_hal_i2s.o (ex ../../../../../../mcu/apollo4b/hal/mcu/gcc/bin/libam_hal.a)
    224	     30	      0	    254	     fe	am_hal_otp.o (ex ../../../../../../mcu/apollo4b/hal/mcu/gcc/bin/libam_hal.a)
   1528	      0	      0	   1528	    5f8	am_hal_pdm.o (ex ../../../../../../mcu/apollo4b/hal/mcu/gcc/bin/libam_hal.a)
   4096	      0	      0	   4096	   1000	am_hal_pin.o (ex ../../../../../../mcu/apollo4b/hal/mcu/gcc/bin/libam_hal.a)
   5819	     65	     86	   5970	   1752	am_hal_pwrctrl.o (ex ../../../../../../mcu/apollo4b/hal/mcu/gcc/bin/libam_hal.a)
    248	      0	      0	    248	     f8	am_hal_queue.o (ex ../../../../../../mcu/apollo4b/hal/mcu/gcc/bin/libam_hal.a)
    380	      0	      0	    380	    17c	am_hal_security.o (ex ../../../../../../mcu/apollo4b/hal/mcu/gcc/bin/libam_hal.a)
    740	      0	      1	    741	    2e5	am_hal_stimer.o (ex ../../../../../../mcu/apollo4b/hal/mcu/gcc/bin/libam_hal.a)
   3860	      0	     64	   3924	    f54	am_hal_timer.o (ex ../../../../../../mcu/apollo4b/hal/mcu/gcc/bin/libam_hal.a)
   6273	      0	    264	   6537	   1989	am_hal_usb.o (ex ../../../../../../mcu/apollo4b/hal/mcu/gcc/bin/libam_hal.a)
    808	      0	      0	    808	    328	am_hal_wdt.o (ex ../../../../../../mcu/apollo4b/hal/mcu/gcc/bin/libam_hal.a)
     28	      0	      0	     28	     1c	cc_pal.o (ex ../../../../../../third_party/crypto/host/lib/libpal_no_os.a)
     16	      0	      0	     16	     10	cc_pal_mutex.o (ex ../../../../../../third_party/crypto/host/lib/libpal_no_os.a)
     12	      0	      0	     12	      c	cc_pal_memmap.o (ex ../../../../../../third_party/crypto/host/lib/libpal_no_os.a)
      8	      0	      0	      8	      8	cc_pal_dma.o (ex ../../../../../../third_party/crypto/host/lib/libpal_no_os.a)
     12	      0	      0	     12	      c	cc_pal_pm.o (ex ../../../../../../third_party/crypto/host/lib/libpal_no_os.a)
     56	      0	      0	     56	     38	cc_pal_interrupt_ctrl.o (ex ../../../../../../third_party/crypto/host/lib/libpal_no_os.a)
     96	      0	      0	     96	     60	cc_pal_mem.o (ex ../../../../../../third_party/crypto/host/lib/libpal_no_os.a)
      8	      0	      0	      8	      8	cc_pal_buff_attr.o (ex ../../../../../../third_party/crypto/host/lib/libpal_no_os.a)
      4	      0	      0	      4	      4	cc_pal_abort_plat.o (ex ../../../../../../third_party/crypto/host/lib/libpal_no_os.a)
     48	      0	      0	     48	     30	cc_pal_trng.o (ex ../../../../../../third_party/crypto/host/lib/libpal_no_os.a)
     12	      0	      0	     12	      c	cc_pal_apbc.o (ex ../../../../../../third_party/crypto/host/lib/libpal_no_os.a)
   3212	      0	      4	   3216	    c90	nema_cmdlist.o (ex ../../../../../../third_party/ThinkSi/config/apollo4b_nemagfx/gcc/bin/lib_nema_apollo4b_nemagfx.a)
    976	      0	     20	    996	    3e4	nema_ringbuffer.o (ex ../../../../../../third_party/ThinkSi/config/apollo4b_nemagfx/gcc/bin/lib_nema_apollo4b_nemagfx.a)
   2180	      4	      2	   2186	    88a	nema_blender.o (ex ../../../../../../third_party/ThinkSi/config/apollo4b_nemagfx/gcc/bin/lib_nema_apollo4b_nemagfx.a)
   3084	      0	      4	   3088	    c10	nema_font.o (ex ../../../../../../third_party/ThinkSi/config/apollo4b_nemagfx/gcc/bin/lib_nema_apollo4b_nemagfx.a)
   6516	      0	      0	   6516	   1974	nema_graphics.o (ex ../../../../../../third_party/ThinkSi/config/apollo4b_nemagfx/gcc/bin/lib_nema_apollo4b_nemagfx.a)
   1712	      0	      0	   1712	    6b0	nema_interpolators.o (ex ../../../../../../third_party/ThinkSi/config/apollo4b_nemagfx/gcc/bin/lib_nema_apollo4b_nemagfx.a)
      0	      0	      0	      0	      0	nema_mmu.o (ex ../../../../../../third_party/ThinkSi/config/apollo4b_nemagfx/gcc/bin/lib_nema_apollo4b_nemagfx.a)
    496	      0	      0	    496	    1f0	nema_ocd.o (ex ../../../../../../third_party/ThinkSi/config/apollo4b_nemagfx/gcc/bin/lib_nema_apollo4b_nemagfx.a)
     32	      0	      0	     32	     20	nema_pmu.o (ex ../../../../../../third_party/ThinkSi/config/apollo4b_nemagfx/gcc/bin/lib_nema_apollo4b_nemagfx.a)
   6012	      0	      4	   6016	   1780	nema_programHW.o (ex ../../../../../../third_party/ThinkSi/config/apollo4b_nemagfx/gcc/bin/lib_nema_apollo4b_nemagfx.a)
      0	      0	      0	      0	      0	nema_rasterizer.o (ex ../../../../../../third_party/ThinkSi/config/apollo4b_nemagfx/gcc/bin/lib_nema_apollo4b_nemagfx.a)
   4752	      0	      0	   4752	   1290	nema_shaderSpecific.o (ex ../../../../../../third_party/ThinkSi/config/apollo4b_nemagfx/gcc/bin/lib_nema_apollo4b_nemagfx.a)
     92	      0	      0	     92	     5c	nema_vertex.o (ex ../../../../../../third_party/ThinkSi/config/apollo4b_nemagfx/gcc/bin/lib_nema_apollo4b_nemagfx.a)
   2344	      0	      0	   2344	    928	nema_easing.o (ex ../../../../../../third_party/ThinkSi/config/apollo4b_nemagfx/gcc/bin/lib_nema_apollo4b_nemagfx.a)
    688	      0	      0	    688	    2b0	nema_math.o (ex ../../../../../../third_party/ThinkSi/config/apollo4b_nemagfx/gcc/bin/lib_nema_apollo4b_nemagfx.a)
   2580	      0	      0	   2580	    a14	nema_matrix3x3.o (ex ../../../../../../third_party/ThinkSi/config/apollo4b_nemagfx/gcc/bin/lib_nema_apollo4b_nemagfx.a)
   2900	      0	      0	   2900	    b54	nema_matrix4x4.o (ex ../../../../../../third_party/ThinkSi/config/apollo4b_nemagfx/gcc/bin/lib_nema_apollo4b_nemagfx.a)
   3556	      0	      0	   3556	    de4	nema_transitions.o (ex ../../../../../../third_party/ThinkSi/config/apollo4b_nemagfx/gcc/bin/lib_nema_apollo4b_nemagfx.a)
   3392	      0	     36	   3428	    d64	nema_dc.o (ex ../../../../../../third_party/ThinkSi/config/apollo4b_nemagfx/gcc/bin/lib_nema_apollo4b_nemagfx.a)
    636	      0	     12	    648	    288	nema_dc_jdi.o (ex ../../../../../../third_party/ThinkSi/config/apollo4b_nemagfx/gcc/bin/lib_nema_apollo4b_nemagfx.a)
   3436	      0	      8	   3444	    d74	nema_dc_mipi.o (ex ../../../../../../third_party/ThinkSi/config/apollo4b_nemagfx/gcc/bin/lib_nema_apollo4b_nemagfx.a)
     20	      0	      0	     20	     14	am_util_delay.o (ex ../../../../../../third_party/ThinkSi/config/apollo4b_nemagfx/gcc/bin/lib_nema_apollo4b_nemagfx.a)
   3315	      0	    257	   3572	    df4	am_util_stdio.o (ex ../../../../../../third_party/ThinkSi/config/apollo4b_nemagfx/gcc/bin/lib_nema_apollo4b_nemagfx.a)
    708	      0	    160	    868	    364	tsi_malloc.o (ex ../../../../../../third_party/ThinkSi/config/apollo4b_nemagfx/gcc/bin/lib_nema_apollo4b_nemagfx.a)
    140	      0	      0	    140	     8c	nema_dc_dsi.o (ex ../../../../../../third_party/ThinkSi/config/apollo4b_nemagfx/gcc/bin/lib_nema_apollo4b_nemagfx.a)
   2316	      0	      0	   2316	    90c	aes.o (ex ../../../../../../third_party/crypto/mbedtls/library/libmbedcrypto.a)
      0	      0	      0	      0	      0	aesni.o (ex ../../../../../../third_party/crypto/mbedtls/library/libmbedcrypto.a)
      0	      0	      0	      0	      0	arc4.o (ex ../../../../../../third_party/crypto/mbedtls/library/libmbedcrypto.a)
      0	      0	      0	      0	      0	aria.o (ex ../../../../../../third_party/crypto/mbedtls/library/libmbedcrypto.a)
   1156	      0	      0	   1156	    484	asn1parse.o (ex ../../../../../../third_party/crypto/mbedtls/library/libmbedcrypto.a)
   1452	      0	      0	   1452	    5ac	asn1write.o (ex ../../../../../../third_party/crypto/mbedtls/library/libmbedcrypto.a)
   1289	      0	      0	   1289	    509	base64.o (ex ../../../../../../third_party/crypto/mbedtls/library/libmbedcrypto.a)
  13784	      0	      0	  13784	   35d8	bignum.o (ex ../../../../../../third_party/crypto/mbedtls/library/libmbedcrypto.a)
      0	      0	      0	      0	      0	blowfish.o (ex ../../../../../../third_party/crypto/mbedtls/library/libmbedcrypto.a)
      0	      0	      0	      0	      0	camellia.o (ex ../../../../../../third_party/crypto/mbedtls/library/libmbedcrypto.a)
    710	      0	      0	    710	    2c6	ccm.o (ex ../../../../../../third_party/crypto/mbedtls/library/libmbedcrypto.a)
   1962	      0	      0	   1962	    7aa	chacha20.o (ex ../../../../../../third_party/crypto/mbedtls/library/libmbedcrypto.a)
    782	      0	      0	    782	    30e	chachapoly.o (ex ../../../../../../third_party/crypto/mbedtls/library/libmbedcrypto.a)
   2108	      0	      4	   2112	    840	cipher.o (ex ../../../../../../third_party/crypto/mbedtls/library/libmbedcrypto.a)
   1524	      0	      0	   1524	    5f4	cipher_wrap.o (ex ../../../../../../third_party/crypto/mbedtls/library/libmbedcrypto.a)
   1627	      0	      0	   1627	    65b	cmac.o (ex ../../../../../../third_party/crypto/mbedtls/library/libmbedcrypto.a)
   2150	      0	      4	   2154	    86a	ctr_drbg.o (ex ../../../../../../third_party/crypto/mbedtls/library/libmbedcrypto.a)
      0	      0	      0	      0	      0	des.o (ex ../../../../../../third_party/crypto/mbedtls/library/libmbedcrypto.a)
    412	      0	      0	    412	    19c	dhm.o (ex ../../../../../../third_party/crypto/mbedtls/library/libmbedcrypto.a)
    676	      0	      0	    676	    2a4	ecdh.o (ex ../../../../../../third_party/crypto/mbedtls/library/libmbedcrypto.a)
    736	      0	      0	    736	    2e0	ecdsa.o (ex ../../../../../../third_party/crypto/mbedtls/library/libmbedcrypto.a)
      0	      0	      0	      0	      0	ecjpake.o (ex ../../../../../../third_party/crypto/mbedtls/library/libmbedcrypto.a)
  10938	      0	     26	  10964	   2ad4	ecp.o (ex ../../../../../../third_party/crypto/mbedtls/library/libmbedcrypto.a)
   7429	     28	      0	   7457	   1d21	ecp_curves.o (ex ../../../../../../third_party/crypto/mbedtls/library/libmbedcrypto.a)
   1627	      0	      0	   1627	    65b	entropy.o (ex ../../../../../../third_party/crypto/mbedtls/library/libmbedcrypto.a)
      0	      0	      0	      0	      0	entropy_poll.o (ex ../../../../../../third_party/crypto/mbedtls/library/libmbedcrypto.a)
      8	      0	      0	      8	      8	error.o (ex ../../../../../../third_party/crypto/mbedtls/library/libmbedcrypto.a)
   4172	      0	      0	   4172	   104c	gcm.o (ex ../../../../../../third_party/crypto/mbedtls/library/libmbedcrypto.a)
      0	      0	      0	      0	      0	havege.o (ex ../../../../../../third_party/crypto/mbedtls/library/libmbedcrypto.a)
    405	      0	      0	    405	    195	hkdf.o (ex ../../../../../../third_party/crypto/mbedtls/library/libmbedcrypto.a)
   1714	      0	      4	   1718	    6b6	hmac_drbg.o (ex ../../../../../../third_party/crypto/mbedtls/library/libmbedcrypto.a)
   1103	      0	      0	   1103	    44f	md.o (ex ../../../../../../third_party/crypto/mbedtls/library/libmbedcrypto.a)
      0	      0	      0	      0	      0	md2.o (ex ../../../../../../third_party/crypto/mbedtls/library/libmbedcrypto.a)
      0	      0	      0	      0	      0	md4.o (ex ../../../../../../third_party/crypto/mbedtls/library/libmbedcrypto.a)
      0	      0	      0	      0	      0	md5.o (ex ../../../../../../third_party/crypto/mbedtls/library/libmbedcrypto.a)
    525	      0	      0	    525	    20d	md_wrap.o (ex ../../../../../../third_party/crypto/mbedtls/library/libmbedcrypto.a)
   1699	      0	     20	   1719	    6b7	memory_buffer_alloc.o (ex ../../../../../../third_party/crypto/mbedtls/library/libmbedcrypto.a)
   3051	      0	      0	   3051	    beb	nist_kw.o (ex ../../../../../../third_party/crypto/mbedtls/library/libmbedcrypto.a)
   3065	      0	      0	   3065	    bf9	oid.o (ex ../../../../../../third_party/crypto/mbedtls/library/libmbedcrypto.a)
      0	      0	      0	      0	      0	padlock.o (ex ../../../../../../third_party/crypto/mbedtls/library/libmbedcrypto.a)
    615	      0	      0	    615	    267	pem.o (ex ../../../../../../third_party/crypto/mbedtls/library/libmbedcrypto.a)
    799	      0	      0	    799	    31f	pk.o (ex ../../../../../../third_party/crypto/mbedtls/library/libmbedcrypto.a)
    990	      0	      0	    990	    3de	pk_wrap.o (ex ../../../../../../third_party/crypto/mbedtls/library/libmbedcrypto.a)
      0	      0	      0	      0	      0	pkcs12.o (ex ../../../../../../third_party/crypto/mbedtls/library/libmbedcrypto.a)
   1844	      0	      0	   1844	    734	pkcs5.o (ex ../../../../../../third_party/crypto/mbedtls/library/libmbedcrypto.a)
   3231	      0	      0	   3231	    c9f	pkparse.o (ex ../../../../../../third_party/crypto/mbedtls/library/libmbedcrypto.a)
   1684	      0	      0	   1684	    694	pkwrite.o (ex ../../../../../../third_party/crypto/mbedtls/library/libmbedcrypto.a)
    136	     24	      0	    160	     a0	platform.o (ex ../../../../../../third_party/crypto/mbedtls/library/libmbedcrypto.a)
     68	      4	      0	     72	     48	platform_util.o (ex ../../../../../../third_party/crypto/mbedtls/library/libmbedcrypto.a)
    748	      0	      0	    748	    2ec	poly1305.o (ex ../../../../../../third_party/crypto/mbedtls/library/libmbedcrypto.a)
      0	      0	      0	      0	      0	ripemd160.o (ex ../../../../../../third_party/crypto/mbedtls/library/libmbedcrypto.a)
   1610	      0	      0	   1610	    64a	rsa_internal.o (ex ../../../../../../third_party/crypto/mbedtls/library/libmbedcrypto.a)
   1779	      0	      0	   1779	    6f3	rsa.o (ex ../../../../../../third_party/crypto/mbedtls/library/libmbedcrypto.a)
    623	      0	      0	    623	    26f	sha1.o (ex ../../../../../../third_party/crypto/mbedtls/library/libmbedcrypto.a)
    883	      0	      0	    883	    373	sha256.o (ex ../../../../../../third_party/crypto/mbedtls/library/libmbedcrypto.a)
   6295	      0	      0	   6295	   1897	sha512.o (ex ../../../../../../third_party/crypto/mbedtls/library/libmbedcrypto.a)
      0	      0	      0	      0	      0	threading.o (ex ../../../../../../third_party/crypto/mbedtls/library/libmbedcrypto.a)
      0	      0	      0	      0	      0	timing.o (ex ../../../../../../third_party/crypto/mbedtls/library/libmbedcrypto.a)
     79	      0	      0	     79	     4f	version.o (ex ../../../../../../third_party/crypto/mbedtls/library/libmbedcrypto.a)
   2010	    340	      0	   2350	    92e	version_features.o (ex ../../../../../../third_party/crypto/mbedtls/library/libmbedcrypto.a)
      0	      0	      0	      0	      0	xtea.o (ex ../../../../../../third_party/crypto/mbedtls/library/libmbedcrypto.a)
      0	      0	      0	      0	      0	debug.o (ex ../../../../../../third_party/crypto/mbedtls/library/libmbedtls.a)
      0	      0	      0	      0	      0	net_sockets.o (ex ../../../../../../third_party/crypto/mbedtls/library/libmbedtls.a)
      0	      0	      0	      0	      0	ssl_cache.o (ex ../../../../../../third_party/crypto/mbedtls/library/libmbedtls.a)
      0	      0	      0	      0	      0	ssl_ciphersuites.o (ex ../../../../../../third_party/crypto/mbedtls/library/libmbedtls.a)
      0	      0	      0	      0	      0	ssl_cli.o (ex ../../../../../../third_party/crypto/mbedtls/library/libmbedtls.a)
      0	      0	      0	      0	      0	ssl_cookie.o (ex ../../../../../../third_party/crypto/mbedtls/library/libmbedtls.a)
      0	      0	      0	      0	      0	ssl_srv.o (ex ../../../../../../third_party/crypto/mbedtls/library/libmbedtls.a)
      0	      0	      0	      0	      0	ssl_ticket.o (ex ../../../../../../third_party/crypto/mbedtls/library/libmbedtls.a)
      0	      0	      0	      0	      0	ssl_tls.o (ex ../../../../../../third_party/crypto/mbedtls/library/libmbedtls.a)
    833	      0	      0	    833	    341	cc_lib.o (ex ../../../../../../third_party/crypto/host/lib/libcc_312.a)
    164	      0	      4	    168	     a8	cc_hal.o (ex ../../../../../../third_party/crypto/host/lib/libcc_312.a)
    256	      0	      0	    256	    100	bypass_driver.o (ex ../../../../../../third_party/crypto/host/lib/libcc_312.a)
   1715	      0	      0	   1715	    6b3	aes_driver.o (ex ../../../../../../third_party/crypto/host/lib/libcc_312.a)
    915	      0	      0	    915	    393	aesccm_driver.o (ex ../../../../../../third_party/crypto/host/lib/libcc_312.a)
   1431	      0	      0	   1431	    597	aesgcm_driver.o (ex ../../../../../../third_party/crypto/host/lib/libcc_312.a)
     92	      0	      0	     92	     5c	driver_common.o (ex ../../../../../../third_party/crypto/host/lib/libcc_312.a)
   1069	      0	      0	   1069	    42d	mbedtls_cc_sha512_t.o (ex ../../../../../../third_party/crypto/host/lib/libcc_312.a)
    223	      0	      0	    223	     df	sha1_alt.o (ex ../../../../../../third_party/crypto/host/lib/libcc_312.a)
    275	      0	      0	    275	    113	sha256_alt.o (ex ../../../../../../third_party/crypto/host/lib/libcc_312.a)
    404	      0	      0	    404	    194	mbedtls_hash_common.o (ex ../../../../../../third_party/crypto/host/lib/libcc_312.a)
    567	      0	      0	    567	    237	aes_alt.o (ex ../../../../../../third_party/crypto/host/lib/libcc_312.a)
     20	      0	      0	     20	     14	mbedtls_common.o (ex ../../../../../../third_party/crypto/host/lib/libcc_312.a)
    172	      0	      0	    172	     ac	ccm_alt.o (ex ../../../../../../third_party/crypto/host/lib/libcc_312.a)
    956	      0	      0	    956	    3bc	gcm_alt.o (ex ../../../../../../third_party/crypto/host/lib/libcc_312.a)
    152	      0	      0	    152	     98	trng_api.o (ex ../../../../../../third_party/crypto/host/lib/libcc_312.a)
   1356	      0	      0	   1356	    54c	mbedtls_ccm_internal.o (ex ../../../../../../third_party/crypto/host/lib/libcc_312.a)
   9349	      0	      0	   9349	   2485	rsa_alt.o (ex ../../../../../../third_party/crypto/host/lib/libcc_312.a)
    756	      0	      0	    756	    2f4	ecp_common.o (ex ../../../../../../third_party/crypto/host/lib/libcc_312.a)
   1344	      0	      0	   1344	    540	cc_ecp_internal.o (ex ../../../../../../third_party/crypto/host/lib/libcc_312.a)
    788	      0	      0	    788	    314	ecdsa_alt.o (ex ../../../../../../third_party/crypto/host/lib/libcc_312.a)
    399	      0	      0	    399	    18f	ecdh_alt.o (ex ../../../../../../third_party/crypto/host/lib/libcc_312.a)
   1044	      0	      0	   1044	    414	ecdsa_edwards.o (ex ../../../../../../third_party/crypto/host/lib/libcc_312.a)
    780	      0	      0	    780	    30c	cmac_alt.o (ex ../../../../../../third_party/crypto/host/lib/libcc_312.a)
   2301	      0	      0	   2301	    8fd	dhm_alt.o (ex ../../../../../../third_party/crypto/host/lib/libcc_312.a)
    323	      0	      0	    323	    143	chacha20_alt.o (ex ../../../../../../third_party/crypto/host/lib/libcc_312.a)
    132	      0	      0	    132	     84	poly1305_alt.o (ex ../../../../../../third_party/crypto/host/lib/libcc_312.a)
    599	      0	      0	    599	    257	chachapoly_alt.o (ex ../../../../../../third_party/crypto/host/lib/libcc_312.a)
   3080	      0	      0	   3080	    c08	mbedtls_cc_mng.o (ex ../../../../../../third_party/crypto/host/lib/libcc_312.a)
    896	      0	      0	    896	    380	mbedtls_cc_mng_int.o (ex ../../../../../../third_party/crypto/host/lib/libcc_312.a)
    128	      0	      0	    128	     80	mbedtls_cc_sbrt.o (ex ../../../../../../third_party/crypto/host/lib/libcc_312.a)
   1179	      0	      0	   1179	    49b	sbrt_int_func.o (ex ../../../../../../third_party/crypto/host/lib/libcc_312.a)
    108	      0	      0	    108	     6c	bootimagesverifier_parser.o (ex ../../../../../../third_party/crypto/host/lib/libcc_312.a)
    124	      0	      0	    124	     7c	nvm_otp.o (ex ../../../../../../third_party/crypto/host/lib/libcc_312.a)
    380	      0	      0	    380	    17c	bootimagesverifier_swcomp.o (ex ../../../../../../third_party/crypto/host/lib/libcc_312.a)
    496	      0	      0	    496	    1f0	secureboot_base_swimgverify.o (ex ../../../../../../third_party/crypto/host/lib/libcc_312.a)
    404	      0	      0	    404	    194	rsa_verify.o (ex ../../../../../../third_party/crypto/host/lib/libcc_312.a)
    140	      0	      0	    140	     8c	rsa_exp.o (ex ../../../../../../third_party/crypto/host/lib/libcc_312.a)
    620	      0	      0	    620	    26c	rsa_pki_pka.o (ex ../../../../../../third_party/crypto/host/lib/libcc_312.a)
    340	      0	      0	    340	    154	bootimagesverifier_base_single.o (ex ../../../../../../third_party/crypto/host/lib/libcc_312.a)
    968	      0	      0	    968	    3c8	bsv_aes_driver.o (ex ../../../../../../third_party/crypto/host/lib/libcc_312.a)
    672	      0	      0	    672	    2a0	bsv_hash_driver.o (ex ../../../../../../third_party/crypto/host/lib/libcc_312.a)
    728	     12	      0	    740	    2e4	common_cert_verify.o (ex ../../../../../../third_party/crypto/host/lib/libcc_312.a)
    208	      0	      0	    208	     d0	secureboot_base_func.o (ex ../../../../../../third_party/crypto/host/lib/libcc_312.a)
    172	      0	      0	    172	     ac	common_cert_parser.o (ex ../../../../../../third_party/crypto/host/lib/libcc_312.a)
    452	      0	      0	    452	    1c4	cc_util_cmac.o (ex ../../../../../../third_party/crypto/host/lib/libcc_312.a)
    114	      0	      0	    114	     72	cc_hash_info.o (ex ../../../../../../third_party/crypto/host/lib/libcc_312.a)
    520	      0	      0	    520	    208	mbedtls_cc_util_key_derivation.o (ex ../../../../../../third_party/crypto/host/lib/libcc_312.a)
    328	      0	      0	    328	    148	mbedtls_cc_util_asset_prov.o (ex ../../../../../../third_party/crypto/host/lib/libcc_312.a)
   1275	      0	      0	   1275	    4fb	pki.o (ex ../../../../../../third_party/crypto/host/lib/libcc_312.a)
   4623	      0	      0	   4623	   120f	pka.o (ex ../../../../../../third_party/crypto/host/lib/libcc_312.a)
    820	      0	      0	    820	    334	cc_kdf.o (ex ../../../../../../third_party/crypto/host/lib/libcc_312.a)
    132	      0	      0	    132	     84	cc_rsa_info.o (ex ../../../../../../third_party/crypto/host/lib/libcc_312.a)
   1676	      0	      0	   1676	    68c	cc_rsa_build.o (ex ../../../../../../third_party/crypto/host/lib/libcc_312.a)
   1365	      0	      0	   1365	    555	cc_rsa_oaep.o (ex ../../../../../../third_party/crypto/host/lib/libcc_312.a)
    915	      0	      0	    915	    393	cc_rsa_schemes.o (ex ../../../../../../third_party/crypto/host/lib/libcc_312.a)
    504	      0	      0	    504	    1f8	cc_rsa_pkcs_ver15_util.o (ex ../../../../../../third_party/crypto/host/lib/libcc_312.a)
    892	      0	      0	    892	    37c	cc_rsa_pss21_util.o (ex ../../../../../../third_party/crypto/host/lib/libcc_312.a)
    508	      0	      0	    508	    1fc	cc_rsa_prim.o (ex ../../../../../../third_party/crypto/host/lib/libcc_312.a)
    896	      0	      0	    896	    380	cc_rsa_verify.o (ex ../../../../../../third_party/crypto/host/lib/libcc_312.a)
   1048	      0	      0	   1048	    418	cc_rsa_kg.o (ex ../../../../../../third_party/crypto/host/lib/libcc_312.a)
    892	      0	      0	    892	    37c	cc_rsa_sign.o (ex ../../../../../../third_party/crypto/host/lib/libcc_312.a)
    256	      0	      0	    256	    100	rsa_public.o (ex ../../../../../../third_party/crypto/host/lib/libcc_312.a)
   1188	      0	      0	   1188	    4a4	rsa_private.o (ex ../../../../../../third_party/crypto/host/lib/libcc_312.a)
   9852	      0	      0	   9852	   267c	rsa_genkey.o (ex ../../../../../../third_party/crypto/host/lib/libcc_312.a)
   3056	      0	      0	   3056	    bf0	cc_ffc_domain.o (ex ../../../../../../third_party/crypto/host/lib/libcc_312.a)
    703	      0	      0	    703	    2bf	chacha_driver.o (ex ../../../../../../third_party/crypto/host/lib/libcc_312.a)
    488	      0	      0	    488	    1e8	mbedtls_cc_chacha.o (ex ../../../../../../third_party/crypto/host/lib/libcc_312.a)
    440	      0	      0	    440	    1b8	mbedtls_cc_chacha_poly.o (ex ../../../../../../third_party/crypto/host/lib/libcc_312.a)
     84	      0	      0	     84	     54	mbedtls_cc_poly.o (ex ../../../../../../third_party/crypto/host/lib/libcc_312.a)
   1136	      0	      0	   1136	    470	poly.o (ex ../../../../../../third_party/crypto/host/lib/libcc_312.a)
    122	      0	      0	    122	     7a	cc_ecpki_info.o (ex ../../../../../../third_party/crypto/host/lib/libcc_312.a)
    676	      0	      0	    676	    2a4	cc_ecpki_build_publ.o (ex ../../../../../../third_party/crypto/host/lib/libcc_312.a)
    216	      0	      0	    216	     d8	cc_ecpki_build_priv.o (ex ../../../../../../third_party/crypto/host/lib/libcc_312.a)
    780	      0	      0	    780	    30c	cc_ecdsa_verify.o (ex ../../../../../../third_party/crypto/host/lib/libcc_312.a)
    912	      0	      0	    912	    390	cc_ecdsa_sign.o (ex ../../../../../../third_party/crypto/host/lib/libcc_312.a)
    300	      0	      0	    300	    12c	cc_ecpki_kg.o (ex ../../../../../../third_party/crypto/host/lib/libcc_312.a)
    240	      0	      0	    240	     f0	cc_ecdh.o (ex ../../../../../../third_party/crypto/host/lib/libcc_312.a)
   1204	      0	      0	   1204	    4b4	mbedtls_cc_ecies.o (ex ../../../../../../third_party/crypto/host/lib/libcc_312.a)
    264	      0	      0	    264	    108	ec_wrst_genkey.o (ex ../../../../../../third_party/crypto/host/lib/libcc_312.a)
   2116	      0	      0	   2116	    844	pki_modular_arithmetic.o (ex ../../../../../../third_party/crypto/host/lib/libcc_312.a)
   3640	      0	      0	   3640	    e38	pka_ec_wrst.o (ex ../../../../../../third_party/crypto/host/lib/libcc_312.a)
    852	      0	      0	    852	    354	pka_ec_wrst_dsa_verify.o (ex ../../../../../../third_party/crypto/host/lib/libcc_312.a)
    740	      0	      0	    740	    2e4	ec_wrst.o (ex ../../../../../../third_party/crypto/host/lib/libcc_312.a)
   1348	      0	      0	   1348	    544	ec_wrst_dsa.o (ex ../../../../../../third_party/crypto/host/lib/libcc_312.a)
     24	      0	      0	     24	     18	cc_ecpki_domain.o (ex ../../../../../../third_party/crypto/host/lib/libcc_312.a)
    740	      0	      0	    740	    2e4	cc_ecpki_domain_secp192r1.o (ex ../../../../../../third_party/crypto/host/lib/libcc_312.a)
    740	      0	      0	    740	    2e4	cc_ecpki_domain_secp192k1.o (ex ../../../../../../third_party/crypto/host/lib/libcc_312.a)
    740	      0	      0	    740	    2e4	cc_ecpki_domain_secp224r1.o (ex ../../../../../../third_party/crypto/host/lib/libcc_312.a)
    740	      0	      0	    740	    2e4	cc_ecpki_domain_secp224k1.o (ex ../../../../../../third_party/crypto/host/lib/libcc_312.a)
    740	      0	      0	    740	    2e4	cc_ecpki_domain_secp256r1.o (ex ../../../../../../third_party/crypto/host/lib/libcc_312.a)
    740	      0	      0	    740	    2e4	cc_ecpki_domain_secp256k1.o (ex ../../../../../../third_party/crypto/host/lib/libcc_312.a)
    740	      0	      0	    740	    2e4	cc_ecpki_domain_secp384r1.o (ex ../../../../../../third_party/crypto/host/lib/libcc_312.a)
    740	      0	      0	    740	    2e4	cc_ecpki_domain_secp521r1.o (ex ../../../../../../third_party/crypto/host/lib/libcc_312.a)
    704	      0	      0	    704	    2c0	cc_rnd_common.o (ex ../../../../../../third_party/crypto/host/lib/libcc_312.a)
   1800	      0	      0	   1800	    708	llf_rnd.o (ex ../../../../../../third_party/crypto/host/lib/libcc_312.a)
    120	      0	      0	    120	     78	cc_rng_plat.o (ex ../../../../../../third_party/crypto/host/lib/libcc_312.a)
   1340	      0	      0	   1340	    53c	cc_common_math.o (ex ../../../../../../third_party/crypto/host/lib/libcc_312.a)
    488	      0	      0	    488	    1e8	cc_common_conv_endian.o (ex ../../../../../../third_party/crypto/host/lib/libcc_312.a)
    971	      0	      0	    971	    3cb	llf_rnd_fetrng.o (ex ../../../../../../third_party/crypto/host/lib/libcc_312.a)
    879	      0	      0	    879	    36f	hash_driver.o (ex ../../../../../../third_party/crypto/host/lib/libcc_312.a)
   1184	      0	      0	   1184	    4a0	pka_ec_wrst_smul_no_scap.o (ex ../../../../../../third_party/crypto/host/lib/libcc_312.a)
   1340	      0	      0	   1340	    53c	mbedtls_cc_srp.o (ex ../../../../../../third_party/crypto/host/lib/libcc_312.a)
   2380	      0	     64	   2444	    98c	srp_driver.o (ex ../../../../../../third_party/crypto/host/lib/libcc_312.a)
   2712	      0	      0	   2712	    a98	srp.o (ex ../../../../../../third_party/crypto/host/lib/libcc_312.a)
   1032	      0	      0	   1032	    408	cc_ec_mont.o (ex ../../../../../../third_party/crypto/host/lib/libcc_312.a)
    253	      0	      0	    253	     fd	ec_mont.o (ex ../../../../../../third_party/crypto/host/lib/libcc_312.a)
   1236	      0	      0	   1236	    4d4	pka_ec_mont.o (ex ../../../../../../third_party/crypto/host/lib/libcc_312.a)
    256	      0	      0	    256	    100	ec_mont_domain_curve25519.o (ex ../../../../../../third_party/crypto/host/lib/libcc_312.a)
    488	      0	      0	    488	    1e8	cc_ec_edw.o (ex ../../../../../../third_party/crypto/host/lib/libcc_312.a)
   3225	      0	      0	   3225	    c99	ec_edw.o (ex ../../../../../../third_party/crypto/host/lib/libcc_312.a)
   4936	      0	      0	   4936	   1348	pka_ec_edw.o (ex ../../../../../../third_party/crypto/host/lib/libcc_312.a)
   1296	      0	      0	   1296	    510	ec_edw_domain_25519.o (ex ../../../../../../third_party/crypto/host/lib/libcc_312.a)
 659892	1046756	 339408	2046056	 1f3868	bin/nemagfx_enhanced_stress_test.axf
